
[1m[7m[36m RUN [39m[27m[22m [36mv2.1.9 [39m[90mC:/Users/chira/Documents/Isara-telemed/Isara-Anywhere/tests/unit[39m

 [32mΓ£ô[39m patient-portal/notificationService.test.ts [2m([22m[2m62 tests[22m[2m)[22m[90m 17[2mms[22m[39m
 [32mΓ£ô[39m meeting-server/jitsi-meeting.test.ts [2m([22m[2m38 tests[22m[2m)[22m[90m 15[2mms[22m[39m
 [32mΓ£ô[39m doctor-portal/healthRecordsEmrWorkflow.test.ts [2m([22m[2m71 tests[22m[2m)[22m[90m 21[2mms[22m[39m
 [32mΓ£ô[39m patient-portal/services-logic.test.ts [2m([22m[2m38 tests[22m[2m)[22m[90m 16[2mms[22m[39m
 [32mΓ£ô[39m doctor-portal/emr-clinical.test.ts [2m([22m[2m37 tests[22m[2m)[22m[90m 16[2mms[22m[39m
 [32mΓ£ô[39m patient-portal/appointmentWorkflow.test.ts [2m([22m[2m67 tests[22m[2m)[22m[90m 18[2mms[22m[39m
 [32mΓ£ô[39m doctor-portal/auditLogService.test.ts [2m([22m[2m52 tests[22m[2m)[22m[90m 14[2mms[22m[39m
 [32mΓ£ô[39m doctor-portal/emrService.test.ts [2m([22m[2m48 tests[22m[2m)[22m[90m 13[2mms[22m[39m
 [32mΓ£ô[39m meeting-server/videoMeetingWorkflow.test.ts [2m([22m[2m56 tests[22m[2m)[22m[90m 10[2mms[22m[39m
 [32mΓ£ô[39m patient-portal/userManagementWorkflow.test.ts [2m([22m[2m71 tests[22m[2m)[22m[90m 19[2mms[22m[39m
 [32mΓ£ô[39m meeting-server/meeting-ai-features.test.ts [2m([22m[2m34 tests[22m[2m)[22m[90m 14[2mms[22m[39m
 [32mΓ£ô[39m database/data-validation.test.ts [2m([22m[2m35 tests[22m[2m)[22m[90m 14[2mms[22m[39m
 [32mΓ£ô[39m doctor-portal/meetingTimeService.test.ts [2m([22m[2m50 tests[22m[2m)[22m[90m 12[2mms[22m[39m
 [32mΓ£ô[39m doctor-portal/appointmentReschedule.test.ts [2m([22m[2m40 tests[22m[2m)[22m[90m 20[2mms[22m[39m
 [32mΓ£ô[39m patient-portal/notificationWorkflow.test.ts [2m([22m[2m50 tests[22m[2m)[22m[90m 10[2mms[22m[39m
 [32mΓ£ô[39m doctor-portal/medicalContentWorkflow.test.ts [2m([22m[2m54 tests[22m[2m)[22m[90m 12[2mms[22m[39m
 [32mΓ£ô[39m security/security-validation.test.ts [2m([22m[2m38 tests[22m[2m)[22m[90m 9[2mms[22m[39m
 [32mΓ£ô[39m patient-portal/livingWillWorkflow.test.ts [2m([22m[2m44 tests[22m[2m)[22m[90m 9[2mms[22m[39m
 [32mΓ£ô[39m patient-portal/dataSyncWorkflow.test.ts [2m([22m[2m45 tests[22m[2m)[22m[90m 10[2mms[22m[39m
 [32mΓ£ô[39m patient-portal/dashboardWorkflow.test.ts [2m([22m[2m42 tests[22m[2m)[22m[90m 11[2mms[22m[39m
 [32mΓ£ô[39m doctor-portal/labTestDatabase.test.ts [2m([22m[2m50 tests[22m[2m)[22m[90m 14[2mms[22m[39m
 [32mΓ£ô[39m patient-portal/api-service.test.ts [2m([22m[2m30 tests[22m[2m)[22m[90m 9[2mms[22m[39m
 [32mΓ£ô[39m doctor-portal/postgresDataService.test.ts [2m([22m[2m30 tests[22m[2m)[22m[90m 13[2mms[22m[39m
 [32mΓ£ô[39m patient-portal/auth-context.test.ts [2m([22m[2m34 tests[22m[2m)[22m[90m 34[2mms[22m[39m
 [32mΓ£ô[39m doctor-portal/mainApiServer.test.ts [2m([22m[2m30 tests[22m[2m)[22m[90m 15[2mms[22m[39m
 [32mΓ£ô[39m patient-portal/pdpaWorkflow.test.ts [2m([22m[2m37 tests[22m[2m)[22m[90m 9[2mms[22m[39m
 [32mΓ£ô[39m database/schema-validation.test.ts [2m([22m[2m45 tests[22m[2m)[22m[90m 9[2mms[22m[39m
 [32mΓ£ô[39m doctor-portal/queueManagementWorkflow.test.ts [2m([22m[2m39 tests[22m[2m)[22m[90m 11[2mms[22m[39m
 [32mΓ£ô[39m doctor-portal/authServer.test.ts [2m([22m[2m38 tests[22m[2m)[22m[90m 14[2mms[22m[39m
 [32mΓ£ô[39m doctor-portal/geminiService.test.ts [2m([22m[2m21 tests[22m[2m)[22m[90m 9[2mms[22m[39m
 [32mΓ£ô[39m doctor-portal/medicalConsultants.test.ts [2m([22m[2m33 tests[22m[2m)[22m[90m 10[2mms[22m[39m
 [32mΓ£ô[39m doctor-portal/labOrders.test.ts [2m([22m[2m16 tests[22m[2m)[22m[90m 8[2mms[22m[39m
 [32mΓ£ô[39m doctor-portal/adminService.test.ts [2m([22m[2m18 tests[22m[2m)[22m[90m 7[2mms[22m[39m
 [32mΓ£ô[39m doctor-portal/owaspMiddleware.test.ts [2m([22m[2m40 tests[22m[2m)[22m[90m 15[2mms[22m[39m
 [32mΓ£ô[39m patient-portal/phrRoute.test.ts [2m([22m[2m13 tests[22m[2m)[22m[90m 13[2mms[22m[39m
 [32mΓ£ô[39m doctor-portal/apiEndpoints.test.ts [2m([22m[2m26 tests[22m[2m)[22m[90m 10[2mms[22m[39m
 [32mΓ£ô[39m meeting-server/meetingRoutes.test.ts [2m([22m[2m32 tests[22m[2m)[22m[90m 15[2mms[22m[39m
 [32mΓ£ô[39m doctor-portal/appointmentService.test.ts [2m([22m[2m30 tests[22m[2m)[22m[90m 9[2mms[22m[39m
 [32mΓ£ô[39m database/embeddedPg.test.ts [2m([22m[2m21 tests[22m[2m)[22m[90m 22[2mms[22m[39m
 [32mΓ£ô[39m patient-portal/appointmentsRoute.test.ts [2m([22m[2m21 tests[22m[2m)[22m[90m 8[2mms[22m[39m
 [32mΓ£ô[39m doctor-portal/drugDatabase.test.ts [2m([22m[2m25 tests[22m[2m)[22m[90m 15[2mms[22m[39m
 [32mΓ£ô[39m doctor-portal/config.test.ts [2m([22m[2m25 tests[22m[2m)[22m[90m 9[2mms[22m[39m
 [32mΓ£ô[39m security/corsAndRateLimiting.test.ts [2m([22m[2m34 tests[22m[2m)[22m[90m 9[2mms[22m[39m
 [32mΓ£ô[39m patient-portal/videoMeetingRoute.test.ts [2m([22m[2m24 tests[22m[2m)[22m[90m 11[2mms[22m[39m
 [32mΓ£ô[39m doctor-portal/gcsApiServer.test.ts [2m([22m[2m30 tests[22m[2m)[22m[90m 12[2mms[22m[39m
 [32mΓ£ô[39m doctor-portal/prescriptions.test.ts [2m([22m[2m10 tests[22m[2m)[22m[90m 8[2mms[22m[39m
 [32mΓ£ô[39m patient-portal/authRoute.test.ts [2m([22m[2m21 tests[22m[2m)[22m[90m 8[2mms[22m[39m
 [32mΓ£ô[39m meeting-server/aiSummary.test.ts [2m([22m[2m20 tests[22m[2m)[22m[90m 6[2mms[22m[39m
 [32mΓ£ô[39m database/schemaAndSeed.test.ts [2m([22m[2m24 tests[22m[2m)[22m[90m 7[2mms[22m[39m
 [32mΓ£ô[39m patient-portal/pdpaRoute.test.ts [2m([22m[2m16 tests[22m[2m)[22m[90m 5[2mms[22m[39m
 [32mΓ£ô[39m patient-portal/contentRoute.test.ts [2m([22m[2m22 tests[22m[2m)[22m[90m 7[2mms[22m[39m
 [32mΓ£ô[39m patient-portal/aiRoute.test.ts [2m([22m[2m21 tests[22m[2m)[22m[90m 9[2mms[22m[39m
 [32mΓ£ô[39m patient-portal/notificationsRoute.test.ts [2m([22m[2m19 tests[22m[2m)[22m[90m 5[2mms[22m[39m
 [32mΓ£ô[39m meeting-server/socketEvents.test.ts [2m([22m[2m15 tests[22m[2m)[22m[90m 6[2mms[22m[39m
 [32mΓ£ô[39m patient-portal/sharedPHRTypes.test.ts [2m([22m[2m13 tests[22m[2m)[22m[90m 8[2mms[22m[39m
 [32mΓ£ô[39m doctor-portal/storageServices.test.ts [2m([22m[2m17 tests[22m[2m)[22m[90m 5[2mms[22m[39m
 [32mΓ£ô[39m patient-portal/authMiddleware.test.ts [2m([22m[2m15 tests[22m[2m)[22m[90m 5[2mms[22m[39m
 [32mΓ£ô[39m patient-portal/owasp-middleware.test.ts [2m([22m[2m86 tests[22m[2m)[22m[33m 8517[2mms[22m[39m
   [33m[2mΓ£ô[22m[39m Password Hashing[2m > [22mB01 ΓÇö hash format is salt:hash [33m372[2mms[22m[39m
   [33m[2mΓ£ô[22m[39m Password Hashing[2m > [22mB02 ΓÇö salt is 32 hex chars (16 bytes) [33m354[2mms[22m[39m
   [33m[2mΓ£ô[22m[39m Password Hashing[2m > [22mB03 ΓÇö hash is 128 hex chars (64 bytes) [33m330[2mms[22m[39m
   [33m[2mΓ£ô[22m[39m Password Hashing[2m > [22mB04 ΓÇö different passwords produce different hashes [33m709[2mms[22m[39m
   [33m[2mΓ£ô[22m[39m Password Hashing[2m > [22mB05 ΓÇö same password produces different hashes (random salt) [33m1434[2mms[22m[39m
   [33m[2mΓ£ô[22m[39m Password Hashing[2m > [22mB06 ΓÇö verify correct password returns true [33m2646[2mms[22m[39m
   [33m[2mΓ£ô[22m[39m Password Hashing[2m > [22mB07 ΓÇö verify wrong password returns false [33m2619[2mms[22m[39m

[2m Test Files [22m [1m[32m58 passed[39m[22m[90m (58)[39m
[2m      Tests [22m [1m[32m2013 passed[39m[22m[90m (2013)[39m
[2m   Start at [22m 15:06:25
[2m   Duration [22m 8.91s[2m (transform 1.14s, setup 0ms, collect 1.91s, tests 9.18s, environment 13ms, prepare 5.10s)[22m

